// Jest Snapshot v1, https://goo.gl/fbAQLP

exports[`ReactChainInit should add non-configurable properties 1`] = `"Cannot delete property 'htmlProps' of #<Object>"`;

exports[`ReactChainInit should add non-configurable properties 2`] = `"Cannot delete property 'bodyProps' of #<Object>"`;

exports[`ReactChainInit should add non-configurable properties 3`] = `"Cannot delete property 'window' of #<Object>"`;

exports[`ReactChainInit should add non-configurable properties 4`] = `"Cannot delete property 'head' of #<Object>"`;

exports[`ReactChainInit should add non-configurable properties 5`] = `"Cannot delete property 'footer' of #<Object>"`;

exports[`ReactChainInit should add non-configurable properties 6`] = `"Cannot delete property 'css' of #<Object>"`;

exports[`ReactChainInit should add non-configurable properties 7`] = `"Cannot delete property 'js' of #<Object>"`;
