// Jest Snapshot v1, https://goo.gl/fbAQLP

exports[`renderClient() should render a React component to the appRoot 1`] = `"<div data-reactroot=\\"\\">React Element</div>"`;
